24 19 1 5 25 0 3 13 13 11 0 3 1 12 15 -2 13 11 22 21 1