24 19 0 5 25 13 0 4 12 13 0 1 1 0 5 12 13 11 13 0 1 1 11 7 17 37 13 11 17 37 13 11 22 15 -1 16 45 13 0 1 1 11 22 15 -1 13 11 0 4 6 18 62 13 0 1 1 11 0 5 6 17 67 13 11 22 21 2 13 0 1 1 11 22 21 2