24 19 0 5 25 13 27 104 12 13 0 1 1 27 101 12 13 0 2 1 27 108 12 15 10 14 0 9 2 13 0 13 1 11 13 11 12 15 -1 13 0 13 1 11 0 1 1 13 0 1 1 11 12 15 -1 13 0 13 1 11 0 2 1 13 0 2 1 11 12 15 -1 13 0 13 1 11 0 1 1 11 13 0 13 1 11 0 2 1 11 1 22 21 14