24 19 0 5 25 13 0 0 12 13 0 1 1 0 0 12 13 0 0 12 15 -1 16 52 13 11 13 0 1 1 13 0 1 1 11 13 11 1 12 15 -2 13 11 13 13 11 0 1 1 12 15 -2 13 11 0 5 7 18 24 13 0 1 1 11 22 21 2